


ARM Macro Assembler    Page 1 


    1 00000000                 PRESERVE8
    2 00000000                 THUMB
    3 00000000         
    4 00000000         
    5 00000000         ; ====================== zone de réservation de données,
                         ======================================
    6 00000000         ;Section RAM (read only) :
    7 00000000                 area             mesdata,data,readonly
    8 00000000         
    9 00000000         ;Section RAM (read write):
   10 00000000                 area             maram,data,readwrite
   11 00000000         
   12 00000000                 export           GestionSon_Index
   13 00000000                 export           SortieSon
   14 00000000         
   15 00000000 00001588 
                       GestionSon_Index
                               dcd              5512
   16 00000004 00 00   SortieSon
                               dcw              0
   17 00000006         
   18 00000006         
   19 00000006         ; ======================================================
                       =========================================
   20 00000006         
   21 00000006         
   22 00000006         
   23 00000006         ;Section ROM code (read only) :  
   24 00000006                 area             moncode,code,readonly
   25 00000000         ; écrire le code ici
   26 00000000         
   27 00000000                 import           LongueurSon
   28 00000000                 import           Son
   29 00000000                 import           PWM_Set_Value_TIM3_Ch3
   30 00000000         
   31 00000000                 export           GestionSon_Callback
   32 00000000                 export           GestionSon_Start
   33 00000000                 export           GestionSon_Stop
   34 00000000         
   35 00000000         ; extern Son;
   36 00000000         ; extern LongueurSon;
   37 00000000         ; extern GestionSon_Index;
   38 00000000         ;
   39 00000000         ; if (GestionSon_Index < Longueur_Son) {
   40 00000000         ;  int Echelle = ((Son[GestionSon_Index] + 32768) * 720)
                        / 65536;
   41 00000000         ;  GestionSon_Index = GestionSon_Index + 1;
   42 00000000         ;  SortieSon = Echelle;
   43 00000000         ; } else {
   44 00000000         ; SortieSon = 0;
   45 00000000         ; }
   46 00000000         ;
   47 00000000         ; 
   48 00000000         ;
   49 00000000         ; return;
   50 00000000         GestionSon_Callback
                               proc
   51 00000000 4915            ldr              r1, =GestionSon_Index
   52 00000002 6808            ldr              r0,[r1]



ARM Macro Assembler    Page 2 


   53 00000004         
   54 00000004 4A15            ldr              r2, =LongueurSon
   55 00000006 6813            ldr              r3, [r2]
   56 00000008         
   57 00000008         ; si Longueur_Son <= GestionSon_Index
   58 00000008 4283            cmp              r3, r0
   59 0000000A F44F 73B4       mov              r3, #360
   60 0000000E DD0F            ble              Return
   61 00000010         
   62 00000010         ; récupération du tableau Son
   63 00000010 4A13            ldr              r2,=Son
   64 00000012 F832 3010       ldrh             r3, [r2, r0, LSL #1]
   65 00000016         ; extension du bit de signe sur 32 bits
   66 00000016 B21B            sxth             r3, r3
   67 00000018         
   68 00000018         ; calculs pour la remise à l'échelle
   69 00000018 F503 4300       add              r3, #32768
   70 0000001C F44F 7034       mov              r0, #720
   71 00000020 FB03 F300       mul              r3, r0
   72 00000024 EA4F 4313       lsr              r3, r3, #16
   73 00000028         
   74 00000028         ; post incrémentation du compteur
   75 00000028 6808            ldr              r0,[r1]
   76 0000002A F100 0001       add              r0,#1
   77 0000002E 6008            str              r0,[r1]
   78 00000030         Return
   79 00000030         ; mise à jour de SortieSon
   80 00000030 490C            ldr              r1, =SortieSon
   81 00000032 600B            str              r3, [r1]
   82 00000034         
   83 00000034 B500            push             {lr}
   84 00000036 4618            mov              r0, r3
   85 00000038 F7FF FFFE       bl               PWM_Set_Value_TIM3_Ch3
   86 0000003C F85D EB04       pop              {lr}
   87 00000040         
   88 00000040 4770            bx               lr
   89 00000042                 endp
   90 00000042         
   91 00000042         GestionSon_Start
                               proc
   92 00000042 4905            ldr              r1, =GestionSon_Index
   93 00000044 F04F 0200       mov              r2, #0
   94 00000048 600A            str              r2, [r1]
   95 0000004A 4770            bx               lr
   96 0000004C                 endp
   97 0000004C         
   98 0000004C         GestionSon_Stop
                               proc
   99 0000004C 4902            ldr              r1, =GestionSon_Index
  100 0000004E 4A03            ldr              r2, =LongueurSon
  101 00000050 6812            ldr              r2, [r2]
  102 00000052 600A            str              r2, [r1]
  103 00000054 4770            bx               lr
  104 00000056                 endp
  105 00000056         
  106 00000056                 END
              00 00 00000000 
              00000000 
              00000000 



ARM Macro Assembler    Page 3 


              00000000 
Command Line: --debug --xref --diag_suppress=9931 --cpu=Cortex-M3 --apcs=interw
ork --depend=.\obj\gestionson.d -o.\obj\gestionson.o -I.\RTE\_Simu -IC:\Program
data\Keil\Arm\Packs\ARM\CMSIS\5.7.0\CMSIS\Core\Include -IC:\Programdata\Keil\Ar
m\Packs\Keil\STM32F1xx_DFP\2.3.0\Device\Include --predefine="__EVAL SETA 1" --p
redefine="__MICROLIB SETA 1" --predefine="__UVISION_VERSION SETA 534" --predefi
ne="_RTE_ SETA 1" --predefine="STM32F10X_MD SETA 1" --predefine="_RTE_ SETA 1" 
--list=gestionson.lst GestionSon\GestionSon.s



ARM Macro Assembler    Page 1 Alphabetic symbol ordering
Relocatable symbols

mesdata 00000000

Symbol: mesdata
   Definitions
      At line 7 in file GestionSon\GestionSon.s
   Uses
      None
Comment: mesdata unused
1 symbol



ARM Macro Assembler    Page 1 Alphabetic symbol ordering
Relocatable symbols

GestionSon_Index 00000000

Symbol: GestionSon_Index
   Definitions
      At line 15 in file GestionSon\GestionSon.s
   Uses
      At line 12 in file GestionSon\GestionSon.s
      At line 51 in file GestionSon\GestionSon.s
      At line 92 in file GestionSon\GestionSon.s
      At line 99 in file GestionSon\GestionSon.s

SortieSon 00000004

Symbol: SortieSon
   Definitions
      At line 16 in file GestionSon\GestionSon.s
   Uses
      At line 13 in file GestionSon\GestionSon.s
      At line 80 in file GestionSon\GestionSon.s

maram 00000000

Symbol: maram
   Definitions
      At line 10 in file GestionSon\GestionSon.s
   Uses
      None
Comment: maram unused
3 symbols



ARM Macro Assembler    Page 1 Alphabetic symbol ordering
Relocatable symbols

GestionSon_Callback 00000000

Symbol: GestionSon_Callback
   Definitions
      At line 50 in file GestionSon\GestionSon.s
   Uses
      At line 31 in file GestionSon\GestionSon.s
Comment: GestionSon_Callback used once
GestionSon_Start 00000042

Symbol: GestionSon_Start
   Definitions
      At line 91 in file GestionSon\GestionSon.s
   Uses
      At line 32 in file GestionSon\GestionSon.s
Comment: GestionSon_Start used once
GestionSon_Stop 0000004C

Symbol: GestionSon_Stop
   Definitions
      At line 98 in file GestionSon\GestionSon.s
   Uses
      At line 33 in file GestionSon\GestionSon.s
Comment: GestionSon_Stop used once
Return 00000030

Symbol: Return
   Definitions
      At line 78 in file GestionSon\GestionSon.s
   Uses
      At line 60 in file GestionSon\GestionSon.s
Comment: Return used once
moncode 00000000

Symbol: moncode
   Definitions
      At line 24 in file GestionSon\GestionSon.s
   Uses
      None
Comment: moncode unused
5 symbols



ARM Macro Assembler    Page 1 Alphabetic symbol ordering
External symbols

LongueurSon 00000000

Symbol: LongueurSon
   Definitions
      At line 27 in file GestionSon\GestionSon.s
   Uses
      At line 54 in file GestionSon\GestionSon.s
      At line 100 in file GestionSon\GestionSon.s

PWM_Set_Value_TIM3_Ch3 00000000

Symbol: PWM_Set_Value_TIM3_Ch3
   Definitions
      At line 29 in file GestionSon\GestionSon.s
   Uses
      At line 85 in file GestionSon\GestionSon.s
Comment: PWM_Set_Value_TIM3_Ch3 used once
Son 00000000

Symbol: Son
   Definitions
      At line 28 in file GestionSon\GestionSon.s
   Uses
      At line 63 in file GestionSon\GestionSon.s
Comment: Son used once
3 symbols
349 symbols in table
