


ARM Macro Assembler    Page 1 


    1 00000000                 PRESERVE8
    2 00000000                 THUMB
    3 00000000         
    4 00000000         
    5 00000000         ; ====================== zone de réservation de données,
                         ======================================
    6 00000000         ;Section RAM (read only) :
    7 00000000                 area             mesdata,data,readonly
    8 00000000         
    9 00000000         ;Section RAM (read write):
   10 00000000                 area             maram,data,readwrite
   11 00000000         
   12 00000000                 export           GestionSon_Index
   13 00000000                 export           SortieSon
   14 00000000         
   15 00000000 00000000 
                       GestionSon_Index
                               dcd              0
   16 00000004 00 00   SortieSon
                               dcw              0
   17 00000006         
   18 00000006         
   19 00000006         
   20 00000006         ; ======================================================
                       =========================================
   21 00000006         
   22 00000006         
   23 00000006         
   24 00000006         
   25 00000006         ;Section ROM code (read only) :  
   26 00000006                 area             moncode,code,readonly
   27 00000000         ; écrire le code ici
   28 00000000         
   29 00000000                 import           LongueurSon
   30 00000000                 import           Son
   31 00000000         
   32 00000000                 export           GestionSon_callback
   33 00000000         
   34 00000000         ; extern Son;
   35 00000000         ; extern LongueurSon;
   36 00000000         ; extern GestionSon_Index;
   37 00000000         ;
   38 00000000         ; if (GestionSon_Index < Longueur_Son) {
   39 00000000         ;  GestionSon_Index = GestionSon_Index + 1;
   40 00000000         ;  int Echelle = ((Son[GestionSon_Index] + 32768) * 720)
                        / 65536;
   41 00000000         ; }
   42 00000000         ;
   43 00000000         ; 
   44 00000000         ;
   45 00000000         ; return;
   46 00000000         
   47 00000000         GestionSon_callback
   48 00000000 490B            ldr              r1, =GestionSon_Index
   49 00000002 6808            ldr              r0,[r1]
   50 00000004         
   51 00000004 4A0B            ldr              r2, =LongueurSon
   52 00000006 6813            ldr              r3, [r2]
   53 00000008         



ARM Macro Assembler    Page 2 


   54 00000008 4298            cmp              r0, r3
   55 0000000A DD00            ble              Not_Stop
   56 0000000C 4770            bx               lr
   57 0000000E         
   58 0000000E         Not_Stop
   59 0000000E F100 0001       add              r0,#1       ;l'index est reset
   60 00000012 6008            str              r0,[r1]     ;l'index est mis à 
                                                            jour
   61 00000014         
   62 00000014 4A08            ldr              r2,=Son
   63 00000016 F832 3010       ldrh             r3, [r2, r0, LSL #1]
   64 0000001A F503 4300       add              r3, #32768
   65 0000001E F44F 7134       mov              r1, #720
   66 00000022 FB03 F301       mul              r3, r1
   67 00000026 EA4F 4303       lsl              r3, r3, #16
   68 0000002A         
   69 0000002A 4904            ldr              r1, =SortieSon
   70 0000002C 600B            str              r3, [r1]
   71 0000002E 4770            bx               lr
   72 00000030         
   73 00000030                 END
              00000000 
              00000000 
              00000000 
              00000000 
Command Line: --debug --xref --diag_suppress=9931 --cpu=Cortex-M3 --apcs=interw
ork --depend=.\obj\gestionson.d -o.\obj\gestionson.o -I.\RTE\_Simu -IC:\Program
data\Keil\Arm\Packs\ARM\CMSIS\5.7.0\CMSIS\Core\Include -IC:\Programdata\Keil\Ar
m\Packs\Keil\STM32F1xx_DFP\2.3.0\Device\Include --predefine="__EVAL SETA 1" --p
redefine="__MICROLIB SETA 1" --predefine="__UVISION_VERSION SETA 534" --predefi
ne="_RTE_ SETA 1" --predefine="STM32F10X_MD SETA 1" --predefine="_RTE_ SETA 1" 
--list=gestionson.lst GestionSon\GestionSon.s



ARM Macro Assembler    Page 1 Alphabetic symbol ordering
Relocatable symbols

mesdata 00000000

Symbol: mesdata
   Definitions
      At line 7 in file GestionSon\GestionSon.s
   Uses
      None
Comment: mesdata unused
1 symbol



ARM Macro Assembler    Page 1 Alphabetic symbol ordering
Relocatable symbols

GestionSon_Index 00000000

Symbol: GestionSon_Index
   Definitions
      At line 15 in file GestionSon\GestionSon.s
   Uses
      At line 12 in file GestionSon\GestionSon.s
      At line 48 in file GestionSon\GestionSon.s

SortieSon 00000004

Symbol: SortieSon
   Definitions
      At line 16 in file GestionSon\GestionSon.s
   Uses
      At line 13 in file GestionSon\GestionSon.s
      At line 69 in file GestionSon\GestionSon.s

maram 00000000

Symbol: maram
   Definitions
      At line 10 in file GestionSon\GestionSon.s
   Uses
      None
Comment: maram unused
3 symbols



ARM Macro Assembler    Page 1 Alphabetic symbol ordering
Relocatable symbols

GestionSon_callback 00000000

Symbol: GestionSon_callback
   Definitions
      At line 47 in file GestionSon\GestionSon.s
   Uses
      At line 32 in file GestionSon\GestionSon.s
Comment: GestionSon_callback used once
Not_Stop 0000000E

Symbol: Not_Stop
   Definitions
      At line 58 in file GestionSon\GestionSon.s
   Uses
      At line 55 in file GestionSon\GestionSon.s
Comment: Not_Stop used once
moncode 00000000

Symbol: moncode
   Definitions
      At line 26 in file GestionSon\GestionSon.s
   Uses
      None
Comment: moncode unused
3 symbols



ARM Macro Assembler    Page 1 Alphabetic symbol ordering
External symbols

LongueurSon 00000000

Symbol: LongueurSon
   Definitions
      At line 29 in file GestionSon\GestionSon.s
   Uses
      At line 51 in file GestionSon\GestionSon.s
Comment: LongueurSon used once
Son 00000000

Symbol: Son
   Definitions
      At line 30 in file GestionSon\GestionSon.s
   Uses
      At line 62 in file GestionSon\GestionSon.s
Comment: Son used once
2 symbols
346 symbols in table
